
Allocating common symbols
Common symbol       size              file

netbufpool          0x4               binaries/net.o
readylist           0x2               binaries/ready.o
rfltab              0x5a0             binaries/rflinit.o
sleepq              0x2               binaries/clkinit.o
sem                 0x10              binaries/xsh_dine.o
nmeals              0x4               binaries/xsh_dine.o
nnames              0x4               binaries/naminit.o
udptab              0x6a8             binaries/udp.o
opkt                0x3e8             binaries/xsh_tftp.o
minheap             0x4               binaries/meminit.o
marks               0x50              binaries/mark.o
currpid             0x4               binaries/initialize.o
Lf_data             0x20c             binaries/lfscreate.o
porttab             0x2d0             binaries/ptinit.o
girmask             0x2               binaries/evec.o
ttytab              0x110             binaries/ttyinit.o
proctab             0x1770            binaries/initialize.o
prcount             0x4               binaries/initialize.o
lfltab              0xf00             binaries/lflinit.o
rdstab              0x8c              binaries/rdsinit.o
ethertab            0x138             binaries/ethinit.o
nsaddr              0x4               binaries/dns.o
NetData             0xc0              binaries/net.o
ipkt                0x3e8             binaries/xsh_tftp.o
nmarks              0x4               binaries/mark.o
Defer               0x8               binaries/resched.o
semtab              0x4b0             binaries/initialize.o
maxheap             0x4               binaries/meminit.o
preempt             0x4               binaries/clkinit.o
buftab              0xf0              binaries/bufinit.o
Rf_data             0x18              binaries/rfsinit.o
term                0x4               binaries/xsh_dine.o
savjmp              0x18              binaries/xsh_basic.o
mkmutex             0x4               binaries/mark.o
network_status      0x4               binaries/ethinit.o
phil                0x10              binaries/xsh_dine.o
clktime             0x4               binaries/clkinit.o
arpcache            0x500             binaries/arp.o
icmptab             0x230             binaries/icmp.o
nbpools             0x4               binaries/bufinit.o
queuetab            0x980             binaries/queue.o
ptnextid            0x4               binaries/ptinit.o
Ram                 0x19000           binaries/raminit.o
ipoqueue            0x2c              binaries/ip.o
eaten               0x10              binaries/xsh_dine.o
uedev               0xa20             binaries/uechoinit.o
memlist             0x8               binaries/initialize.o
nametab             0x19a0            binaries/naminit.o
ptfree              0x4               binaries/ptinit.o

Discarded input sections

 .group         0x0000000000000000        0x8 binaries/ascdate.o
 .group         0x0000000000000000        0x8 binaries/bufinit.o
 .group         0x0000000000000000        0x8 binaries/chprio.o
 .group         0x0000000000000000        0x8 binaries/clkhandler.o
 .text.__x86.get_pc_thunk.bx
                0x0000000000000000        0x4 binaries/clkhandler.o
 .group         0x0000000000000000        0x8 binaries/clkinit.o
 .text.__x86.get_pc_thunk.bx
                0x0000000000000000        0x4 binaries/clkinit.o
 .group         0x0000000000000000        0x8 binaries/close.o
 .text.__x86.get_pc_thunk.bx
                0x0000000000000000        0x4 binaries/close.o
 .group         0x0000000000000000        0x8 binaries/control.o
 .text.__x86.get_pc_thunk.bx
                0x0000000000000000        0x4 binaries/control.o
 .group         0x0000000000000000        0x8 binaries/create.o
 .group         0x0000000000000000        0x8 binaries/create.o
 .text.__x86.get_pc_thunk.cx
                0x0000000000000000        0x4 binaries/create.o
 .text.__x86.get_pc_thunk.bx
                0x0000000000000000        0x4 binaries/create.o
 .group         0x0000000000000000        0x8 binaries/early_imr.o
 .group         0x0000000000000000        0x8 binaries/early_imr.o
 .text.__x86.get_pc_thunk.ax
                0x0000000000000000        0x4 binaries/early_imr.o
 .text.__x86.get_pc_thunk.bx
                0x0000000000000000        0x4 binaries/early_imr.o
 .group         0x0000000000000000        0x8 binaries/evec.o
 .group         0x0000000000000000        0x8 binaries/evec.o
 .text.__x86.get_pc_thunk.ax
                0x0000000000000000        0x4 binaries/evec.o
 .text.__x86.get_pc_thunk.bx
                0x0000000000000000        0x4 binaries/evec.o
 .group         0x0000000000000000        0x8 binaries/exit.o
 .text.__x86.get_pc_thunk.bx
                0x0000000000000000        0x4 binaries/exit.o
 .group         0x0000000000000000        0x8 binaries/freebuf.o
 .text.__x86.get_pc_thunk.bx
                0x0000000000000000        0x4 binaries/freebuf.o
[...]
Memory Configuration

Name             Origin             Length             Attributes
*default*        0x0000000000000000 0xffffffffffffffff

Linker script and memory map

                0x0000000000100000                physbase = 0x100000
                0x0000000000100000                . = physbase
                0x0000000000100000                . = ALIGN (0x1000)

.text           0x0000000000100000    0x2a000
                0x0000000000100000                text = ABSOLUTE (.)
 *(.text .text.*)
 .text          0x0000000000100000      0x1a8 binaries/start.o
                0x0000000000100024                start
                0x00000000001000f6                inb
                0x00000000001000fe                inw
                0x0000000000100107                inl
                0x000000000010010f                outb
                0x0000000000100119                outw
                0x0000000000100124                outl
                0x000000000010012e                _rtcin
                0x0000000000100139                ___udivsi3
                0x0000000000100144                ___divsi3
                0x0000000000100150                sbzero
                0x0000000000100160                bcopy
                0x0000000000100174                insw
                0x000000000010018a                outsw
                0x00000000001001a0                lidt
 .text          0x00000000001001a8      0x403 binaries/ascdate.o
                0x00000000001001a8                ascdate
 .text.__x86.get_pc_thunk.cx
                0x00000000001005ab        0x4 binaries/ascdate.o
                0x00000000001005ab                __x86.get_pc_thunk.cx
 .text          0x00000000001005af       0x20 binaries/bufinit.o
                0x00000000001005af                bufinit
 .text.__x86.get_pc_thunk.ax
                0x00000000001005cf        0x4 binaries/bufinit.o
                0x00000000001005cf                __x86.get_pc_thunk.ax
 .text          0x00000000001005d3       0xa2 binaries/chprio.o
                0x00000000001005d3                chprio
 .text.__x86.get_pc_thunk.bx
                0x0000000000100675        0x4 binaries/chprio.o
                0x0000000000100675                __x86.get_pc_thunk.bx
 .text          0x0000000000100679       0xd7 binaries/clkhandler.o
                0x0000000000100679                clkhandler
 .text          0x0000000000100750       0x95 binaries/clkinit.o
                0x0000000000100750                clkinit
 .text          0x00000000001007e5       0x86 binaries/close.o
                0x00000000001007e5                close
 .text          0x000000000010086b        0x0 binaries/conf.o
 .text          0x000000000010086b       0x8c binaries/control.o
                0x000000000010086b                control
 .text          0x00000000001008f7      0x3a7 binaries/create.o
                0x00000000001008f7                create
 .text          0x0000000000100c9e      0x316 binaries/early_imr.o
                0x0000000000100c9e                intel_cln_early_sb_read_reg
                0x0000000000100d33                intel_cln_early_sb_write_reg
                0x0000000000100f16                remove_irm_protections
 .text          0x0000000000100fb4      0x4c6 binaries/evec.o
                0x0000000000100fb4                initevec
                0x00000000001010c5                set_evec
                0x0000000000101183                setirmask
                0x00000000001011f5                trap
 .text          0x000000000010147a       0x29 binaries/exit.o
                0x000000000010147a                exit
 .text          0x00000000001014a3       0xa1 binaries/freebuf.o
                0x00000000001014a3                freebuf
 .text          0x0000000000101544      0x1fb binaries/freemem.o
                0x0000000000101544                freemem
 .text          0x000000000010173f       0x9f binaries/getbuf.o
                0x000000000010173f                getbuf
 .text          0x00000000001017de       0x86 binaries/getc.o
                0x00000000001017de                getc
 .text          0x0000000000101864       0x86 binaries/getdev.o
                0x0000000000101864                getdev
 .text          0x00000000001018ea      0x111 binaries/getitem.o
                0x00000000001018ea                getfirst
                0x0000000000101940                getlast
                0x0000000000101998                getitem
 .text.__x86.get_pc_thunk.dx
                0x00000000001019fb        0x4 binaries/getitem.o
                0x00000000001019fb                __x86.get_pc_thunk.dx
 .text          0x00000000001019ff      0x132 binaries/getmem.o
                0x00000000001019ff                getmem
 .text          0x0000000000101b31       0x17 binaries/getpid.o
                0x0000000000101b31                getpid
 .text          0x0000000000101b48       0x8c binaries/getprio.o
                0x0000000000101b48                getprio
 .text          0x0000000000101bd4      0x119 binaries/getstk.o
                0x0000000000101bd4                getstk
 .text          0x0000000000101ced       0x4a binaries/gettime.o
                0x0000000000101ced                gettime
 .text          0x0000000000101d37      0x342 binaries/getutime.o
                0x0000000000101d37                getutime
 .text          0x0000000000102079       0x86 binaries/init.o
                0x0000000000102079                init
 .text          0x00000000001020ff      0x371 binaries/initialize.o
                0x00000000001020ff                nulluser
                0x00000000001023fd                stop
                0x0000000000102438                delay
 .text          0x0000000000102470      0x105 binaries/insert.o
                0x0000000000102470                insert
 .text          0x0000000000102575      0x13e binaries/insertd.o
                0x0000000000102575                insertd
 .text          0x00000000001026b3       0x14 binaries/ioerr.o
                0x00000000001026b3                ioerr
 .text          0x00000000001026c7       0x14 binaries/ionull.o
                0x00000000001026c7                ionull
 .text          0x00000000001026db      0x1cc binaries/kill.o
                0x00000000001026db                kill
 .text          0x00000000001028a7      0x11a binaries/kprintf.o
                0x00000000001028a7                kputc
                0x000000000010291a                kgetc
                0x0000000000102985                kprintf
 .text          0x00000000001029c1       0xb9 binaries/main.o
                0x00000000001029c1                main
 .text          0x0000000000102a7a       0xf0 binaries/mark.o
                0x0000000000102a7a                markinit
                0x0000000000102ab5                mark
 .text          0x0000000000102b6a      0x350 binaries/meminit.o
                0x0000000000102b6a                meminit
                0x0000000000102dd4                setsegs
 .text          0x0000000000102eba      0x17b binaries/mkbufpool.o
                0x0000000000102eba                mkbufpool
 .text          0x0000000000103035       0x55 binaries/netup.o
                0x0000000000103035                netup
 .text          0x000000000010308a       0xbb binaries/newqueue.o
                0x000000000010308a                newqueue
 .text          0x0000000000103145       0x8c binaries/open.o
                0x0000000000103145                open
 .text          0x00000000001031d1       0x2e binaries/panic.o
                0x00000000001031d1                panic
 .text          0x00000000001031ff      0x4a7 binaries/pci.o
                0x00000000001031ff                pci_init
                0x00000000001032c5                find_pci_device
                0x00000000001033b6                pci_read_config_byte
                0x000000000010341e                pci_read_config_word
                0x0000000000103488                pci_read_config_dword
                0x00000000001034f0                pci_write_config_byte
                0x000000000010355c                pci_write_config_word
                0x00000000001035ca                pci_write_config_dword
                0x0000000000103630                pci_get_dev_mmio_base_addr
 .text          0x00000000001036a6       0xd3 binaries/platinit.o
                0x00000000001036a6                console_init
                0x0000000000103703                platinit
 .text          0x0000000000103779      0x105 binaries/ptclear.o
                0x0000000000103779                _ptclear
 .text          0x000000000010387e       0xaf binaries/ptcount.o
                0x000000000010387e                ptcount
 .text          0x000000000010392d      0x138 binaries/ptcreate.o
                0x000000000010392d                ptcreate
 .text          0x0000000000103a65       0x94 binaries/ptdelete.o
                0x0000000000103a65                ptdelete
 .text          0x0000000000103af9       0xe7 binaries/ptinit.o
                0x0000000000103af9                ptinit
 .text          0x0000000000103be0      0x135 binaries/ptrecv.o
                0x0000000000103be0                ptrecv
 .text          0x0000000000103d15       0x89 binaries/ptreset.o
                0x0000000000103d15                ptreset
 .text          0x0000000000103d9e      0x15a binaries/ptsend.o
                0x0000000000103d9e                ptsend
 .text          0x0000000000103ef8       0x91 binaries/putc.o
                0x0000000000103ef8                putc
 .text          0x0000000000103f89       0xdb binaries/quark_irq.o
                0x0000000000103f89                quark_irq_routing
 .text          0x0000000000104064      0x20f binaries/quark_pdat.o
                0x0000000000104064                get_quark_pdat_entry_data_by_id
                0x0000000000104166                get_quark_pdat_entry_data_by_desc
 .text          0x0000000000104273      0x146 binaries/queue.o
                0x0000000000104273                enqueue
                0x0000000000104334                dequeue
 .text          0x00000000001043b9       0x8c binaries/read.o
                0x00000000001043b9                read
 .text          0x0000000000104445       0x8c binaries/ready.o
                0x0000000000104445                ready
 .text          0x00000000001044d1       0x74 binaries/receive.o
                0x00000000001044d1                receive
 .text          0x0000000000104545       0x70 binaries/recvclr.o
                0x0000000000104545                recvclr
 .text          0x00000000001045b5       0xd5 binaries/recvtime.o
                0x00000000001045b5                recvtime
 .text          0x000000000010468a       0x32 binaries/regevent.o
                0x000000000010468a                regevent
 .text          0x00000000001046bc       0x74 binaries/remove.o
                0x00000000001046bc                remove
 .text          0x0000000000104730       0xd2 binaries/rename.o
                0x0000000000104730                rename
 .text          0x0000000000104802      0x1ce binaries/resched.o
                0x0000000000104802                resched
                0x0000000000104932                resched_cntl
 .text          0x00000000001049d0       0xbf binaries/resume.o
                0x00000000001049d0                resume
 .text          0x0000000000104a8f       0x8a binaries/seek.o
                0x0000000000104a8f                seek
 .text          0x0000000000104b19       0x87 binaries/semcount.o
                0x0000000000104b19                semcount
 .text          0x0000000000104ba0      0x100 binaries/semcreate.o
                0x0000000000104ba0                semcreate
 .text          0x0000000000104ca0       0xdf binaries/semdelete.o
                0x0000000000104ca0                semdelete
 .text          0x0000000000104d7f       0xe3 binaries/semreset.o
                0x0000000000104d7f                semreset
 .text          0x0000000000104e62       0xfb binaries/send.o
                0x0000000000104e62                send
 .text          0x0000000000104f5d       0x6f binaries/sendevent.o
                0x0000000000104f5d                sendevent
 .text          0x0000000000104fcc       0xcd binaries/showmema.o
                0x0000000000104fcc                showmema
 .text          0x0000000000105099       0xba binaries/signal.o
                0x0000000000105099                signal
 .text          0x0000000000105153       0xe8 binaries/signaln.o
                0x0000000000105153                signaln
 .text          0x000000000010523b      0x107 binaries/sleep.o
                0x000000000010523b                sleep
                0x000000000010528d                sleepms
 .text          0x0000000000105342       0x14 binaries/ssignal.o
                0x0000000000105342                ssignal
 .text          0x0000000000105356      0x1cc binaries/stacktrace.o
                0x0000000000105356                stacktrace
 .text          0x0000000000105522       0xf5 binaries/suspend.o
                0x0000000000105522                suspend
 .text          0x0000000000105617       0xd4 binaries/swait2.o
                0x0000000000105617                swait2
 .text          0x00000000001056eb       0x14 binaries/swait.o
                0x00000000001056eb                swait
 .text          0x00000000001056ff      0x100 binaries/unsleep.o
                0x00000000001056ff                unsleep
 .text          0x00000000001057ff       0x29 binaries/userret.o
                0x00000000001057ff                userret
 .text          0x0000000000105828       0xf5 binaries/wait.o
                0x0000000000105828                wait
 .text          0x000000000010591d       0x98 binaries/wakeup.o
                0x000000000010591d                wakeup
 .text          0x00000000001059b5       0x8c binaries/write.o
                0x00000000001059b5                write
 .text          0x0000000000105a41       0x2f binaries/xdone.o
                0x0000000000105a41                xdone
 .text          0x0000000000105a70       0x37 binaries/yield.o
                0x0000000000105a70                yield
 .text          0x0000000000105aa7       0x1b binaries/abs.o
                0x0000000000105aa7                abs
 .text          0x0000000000105ac2       0x99 binaries/atoi.o
                0x0000000000105ac2                atoi
 .text          0x0000000000105b5b       0x99 binaries/atol.o
                0x0000000000105b5b                atol
 .text          0x0000000000105bf4       0x3c binaries/bzero.o
                0x0000000000105bf4                bzero
 .text          0x0000000000105c30        0x0 binaries/ctype_.o
 .text          0x0000000000105c30      0x83f binaries/doprnt.o
                0x0000000000105c30                _doprnt
 .text          0x000000000010646f      0x6d8 binaries/doscan.o
                0x000000000010646f                _doscan
 .text.__x86.get_pc_thunk.di
                0x0000000000106b47        0x4 binaries/doscan.o
                0x0000000000106b47                __x86.get_pc_thunk.di
 .text          0x0000000000106b4b      0x769 binaries/fdoprnt.o
                0x0000000000106b4b                _fdoprnt
 .text          0x00000000001072b4       0x39 binaries/fgetc.o
                0x00000000001072b4                fgetc
 .text          0x00000000001072ed       0x84 binaries/fgets.o
                0x00000000001072ed                fgets
 .text          0x0000000000107371       0xb1 binaries/fprintf.o
                0x0000000000107371                fprintf
 .text          0x0000000000107422       0x3c binaries/fputc.o
                0x0000000000107422                fputc
 .text          0x000000000010745e       0x52 binaries/fputs.o
                0x000000000010745e                fputs
 .text          0x00000000001074b0       0xb8 binaries/fscanf.o
                0x00000000001074b0                fscanf
 .text          0x0000000000107568       0x46 binaries/getchar.o
                0x0000000000107568                getchar
 .text          0x00000000001075ae       0x65 binaries/isatty.o
                0x00000000001075ae                isatty
 .text          0x0000000000107613       0x1b binaries/labs.o
                0x0000000000107613                labs
 .text          0x000000000010762e       0x44 binaries/memchr.o
                0x000000000010762e                memchr
 .text          0x0000000000107672       0x5a binaries/memcmp.o
                0x0000000000107672                memcmp
 .text          0x00000000001076cc       0x49 binaries/memcpy.o
                0x00000000001076cc                memcpy
 .text          0x0000000000107715       0x3c binaries/memset.o
                0x0000000000107715                memset
 .text          0x0000000000107751       0xd5 binaries/printf.o
                0x0000000000107751                printf
 .text          0x0000000000107826       0x49 binaries/putchar.o
                0x0000000000107826                putchar
 .text          0x000000000010786f      0x277 binaries/qsort.o
                0x000000000010786f                qsort
 .text          0x0000000000107ae6       0x4e binaries/rand.o
                0x0000000000107ae6                srand
                0x0000000000107aff                rand
 .text          0x0000000000107b34       0x82 binaries/sprintf.o
                0x0000000000107b34                sprintf
 .text          0x0000000000107bb6       0x98 binaries/sscanf.o
                0x0000000000107bb6                sscanf
 .text          0x0000000000107c4e       0x4b binaries/strcat.o
                0x0000000000107c4e                strcat
 .text          0x0000000000107c99       0x46 binaries/strchr.o
                0x0000000000107c99                strchr
 .text          0x0000000000107cdf       0x4f binaries/strcmp.o
                0x0000000000107cdf                strcmp
 .text          0x0000000000107d2e       0x38 binaries/strcpy.o
                0x0000000000107d2e                strcpy
 .text          0x0000000000107d66       0x33 binaries/strlen.o
                0x0000000000107d66                strlen
 .text          0x0000000000107d99       0x60 binaries/strncat.o
                0x0000000000107d99                strncat
 .text          0x0000000000107df9       0x68 binaries/strncmp.o
                0x0000000000107df9                strncmp
 .text          0x0000000000107e61       0x59 binaries/strncpy.o
                0x0000000000107e61                strncpy
 .text          0x0000000000107eba       0x38 binaries/strnlen.o
                0x0000000000107eba                strnlen
 .text          0x0000000000107ef2       0x52 binaries/strpbrk.o
                0x0000000000107ef2                strpbrk
 .text          0x0000000000107f44       0x4f binaries/strrchr.o
                0x0000000000107f44                strrchr
 .text          0x0000000000107f93       0x5f binaries/strspn.o
                0x0000000000107f93                strspn
 .text          0x0000000000107ff2       0x78 binaries/strstr.o
                0x0000000000107ff2                strstr
 .text          0x000000000010806a       0xa6 binaries/strtok.o
                0x000000000010806a                strtok
 .text          0x0000000000108110       0xcd binaries/strtol.o
                0x0000000000108110                strtol
 .text          0x00000000001081dd       0x8d binaries/strtoul.o
                0x00000000001081dd                strtoul
 .text          0x000000000010826a       0x26 binaries/tolower.o
                0x000000000010826a                tolower
 .text          0x0000000000108290       0x26 binaries/toupper.o
                0x0000000000108290                toupper
 .text          0x00000000001082b6      0x23d binaries/xstoul.o
                0x00000000001082b6                _Stoul
 .text          0x00000000001084f3       0xfb binaries/ttycontrol.o
                0x00000000001084f3                ttycontrol
 .text          0x00000000001085ee       0xab binaries/ttygetc.o
                0x00000000001085ee                ttygetc
 .text          0x0000000000108699      0x716 binaries/ttyhandle_in.o
                0x0000000000108699                ttyhandle_in
 .text          0x0000000000108daf      0x198 binaries/ttyhandle_out.o
                0x0000000000108daf                ttyhandle_out
 .text          0x0000000000108f47       0xcf binaries/ttyhandler.o
                0x0000000000108f47                ttyhandler
 .text          0x0000000000109016      0x203 binaries/ttyinit.o
                0x0000000000109016                ttyinit
 .text          0x0000000000109219       0x1a binaries/ttykickout.o
                0x0000000000109219                ttykickout
 .text          0x0000000000109233       0xc9 binaries/ttyputc.o
                0x0000000000109233                ttyputc
 .text          0x00000000001092fc      0x12c binaries/ttyread.o
                0x00000000001092fc                ttyread
 .text          0x0000000000109428       0x5c binaries/ttywrite.o
                0x0000000000109428                ttywrite
 .text          0x0000000000109484      0x174 binaries/mount.o
                0x0000000000109484                mount
                0x00000000001095b8                namlen
 .text          0x00000000001095f8      0x220 binaries/naminit.o
                0x00000000001095f8                naminit
 .text          0x0000000000109818      0x26b binaries/nammap.o
                0x0000000000109818                nammap
                0x00000000001098b5                namrepl
                0x0000000000109a01                namcpy
 .text          0x0000000000109a83       0x5d binaries/namopen.o
                0x0000000000109a83                namopen
 .text          0x0000000000109ae0      0x1b3 binaries/colon2mac.o
                0x0000000000109ae0                colon2mac
 .text          0x0000000000109c93       0xa8 binaries/ethcontrol.o
                0x0000000000109c93                ethcontrol
 .text          0x0000000000109d3b      0x19f binaries/ethhandler.o
                0x0000000000109d3b                ethhandler
 .text          0x0000000000109eda      0x7cf binaries/ethinit.o
                0x0000000000109eda                eth_phy_read
                0x0000000000109f4e                eth_phy_write
                0x0000000000109fcd                eth_phy_reset
                0x000000000010a121                ethinit
 .text          0x000000000010a6a9      0x19c binaries/ethmcast.o
                0x000000000010a6a9                ethmcast_add
                0x000000000010a736                ethmcast_remove
 .text          0x000000000010a845      0x1a1 binaries/ethread.o
                0x000000000010a845                ethread
 .text          0x000000000010a9e6      0x109 binaries/ethwrite.o
                0x000000000010a9e6                ethwrite
 .text          0x000000000010aaef       0xaf binaries/rdsbufalloc.o
                0x000000000010aaef                rdsbufalloc
 .text          0x000000000010ab9e       0xcf binaries/rdsclose.o
                0x000000000010ab9e                rdsclose
 .text          0x000000000010ac6d      0x2d9 binaries/rdscomm.o
                0x000000000010ac6d                rdscomm
 .text          0x000000000010af46      0x20d binaries/rdscontrol.o
                0x000000000010af46                rdscontrol
 .text          0x000000000010b153      0x211 binaries/rdsinit.o
                0x000000000010b153                rdsinit
 .text          0x000000000010b364      0x1a6 binaries/rdsopen.o
                0x000000000010b364                rdsopen
 .text          0x000000000010b50a      0x475 binaries/rdsprocess.o
                0x000000000010b50a                rdsprocess
 .text          0x000000000010b97f      0x23f binaries/rdsread.o
                0x000000000010b97f                rdsread
 .text          0x000000000010bbbe      0x1df binaries/rdswrite.o
                0x000000000010bbbe                rdswrite
 .text          0x000000000010bd9d       0x14 binaries/ramclose.o
                0x000000000010bd9d                ramclose
 .text          0x000000000010bdb1       0x58 binaries/raminit.o
                0x000000000010bdb1                raminit
 .text          0x000000000010be09       0x14 binaries/ramopen.o
                0x000000000010be09                ramopen
 .text          0x000000000010be1d       0x47 binaries/ramread.o
                0x000000000010be1d                ramread
 .text          0x000000000010be64       0x47 binaries/ramwrite.o
                0x000000000010be64                ramwrite
 .text          0x000000000010beab       0xc4 binaries/lfdballoc.o
                0x000000000010beab                lfdballoc
 .text          0x000000000010bf6f       0x6c binaries/lfdbfree.o
                0x000000000010bf6f                lfdbfree
 .text          0x000000000010bfdb       0xe0 binaries/lfflush.o
                0x000000000010bfdb                lfflush
 .text          0x000000000010c0bb      0x104 binaries/lfgetmode.o
                0x000000000010c0bb                lfgetmode
 .text          0x000000000010c1bf       0x92 binaries/lfiballoc.o
                0x000000000010c1bf                lfiballoc
 .text          0x000000000010c251       0x45 binaries/lfibclear.o
                0x000000000010c251                lfibclear
 .text          0x000000000010c296       0xbc binaries/lfibget.o
                0x000000000010c296                lfibget
 .text          0x000000000010c352       0xeb binaries/lfibput.o
                0x000000000010c352                lfibput
 .text          0x000000000010c43d       0xbb binaries/lflclose.o
                0x000000000010c43d                lflclose
 .text          0x000000000010c4f8      0x145 binaries/lflcontrol.o
                0x000000000010c4f8                lflcontrol
 .text          0x000000000010c63d      0x126 binaries/lflgetc.o
                0x000000000010c63d                lflgetc
 .text          0x000000000010c763      0x102 binaries/lflinit.o
                0x000000000010c763                lflinit
 .text          0x000000000010c865      0x13a binaries/lflputc.o
                0x000000000010c865                lflputc
 .text          0x000000000010c99f       0xa1 binaries/lflread.o
                0x000000000010c99f                lflread
 .text          0x000000000010ca40       0xbe binaries/lflseek.o
                0x000000000010ca40                lflseek
 .text          0x000000000010cafe       0x64 binaries/lflwrite.o
                0x000000000010cafe                lflwrite
 .text          0x000000000010cb62      0x159 binaries/lfsckfmt.o
                0x000000000010cb62                lfsckfmt
 .text          0x000000000010ccbb      0xa02 binaries/lfscontrol.o
                0x000000000010ce53                lfscontrol
 .text          0x000000000010d6bd      0x1ff binaries/lfscreate.o
                0x000000000010d6bd                lfscreate
 .text          0x000000000010d8bc      0x2a3 binaries/lfsetup.o
                0x000000000010d8bc                lfsetup
 .text          0x000000000010db5f       0x81 binaries/lfsinit.o
                0x000000000010db5f                lfsinit
 .text          0x000000000010dbe0      0x53f binaries/lfsopen.o
                0x000000000010dbe0                lfsopen
 .text          0x000000000010e11f      0x18a binaries/lftruncate.o
                0x000000000010e11f                lftruncate
 .text          0x000000000010e2a9       0x8f binaries/rflclose.o
                0x000000000010e2a9                rflclose
 .text          0x000000000010e338       0x4f binaries/rflgetc.o
                0x000000000010e338                rflgetc
 .text          0x000000000010e387       0x86 binaries/rflinit.o
                0x000000000010e387                rflinit
 .text          0x000000000010e40d       0x43 binaries/rflputc.o
                0x000000000010e40d                rflputc
 .text          0x000000000010e450      0x398 binaries/rflread.o
                0x000000000010e450                rflread
 .text          0x000000000010e7e8       0x92 binaries/rflseek.o
                0x000000000010e7e8                rflseek
 .text          0x000000000010e87a      0x383 binaries/rflwrite.o
                0x000000000010e87a                rflwrite
 .text          0x000000000010ebfd      0x222 binaries/rfscomm.o
                0x000000000010ebfd                rfscomm
 .text          0x000000000010ee1f      0x3af binaries/rfscontrol.o
                0x000000000010ee1f                rfscontrol
 .text          0x000000000010f1ce       0xe2 binaries/rfsgetmode.o
                0x000000000010f1ce                rfsgetmode
 .text          0x000000000010f2b0       0xf2 binaries/rfsinit.o
                0x000000000010f2b0                rfsinit
 .text          0x000000000010f3a2      0x126 binaries/rfsndmsg.o
                0x000000000010f3a2                rfsndmsg
 .text          0x000000000010f4c8      0x2e5 binaries/rfsopen.o
                0x000000000010f4c8                rfsopen
 .text          0x000000000010f7ad       0x14 binaries/uechoclose.o
                0x000000000010f7ad                uechoclose
 .text          0x000000000010f7c1       0x14 binaries/uechocontrol.o
                0x000000000010f7c1                uechocontrol
 .text          0x000000000010f7d5      0x470 binaries/uechoget.o
                0x000000000010f81c                uechoget
 .text          0x000000000010fc45      0x1bc binaries/uechoinit.o
                0x000000000010fc45                uechoinit
                0x000000000010fca1                ueproc
                0x000000000010fd5c                ueconn
 .text          0x000000000010fe01       0xf4 binaries/uechoopen.o
                0x000000000010fe01                uechoopen
 .text          0x000000000010fef5       0xf9 binaries/uechoputc.o
                0x000000000010fef5                uechoput
 .text          0x000000000010ffee       0x7d binaries/uechoread.o
                0x000000000010ffee                uechoread
 .text          0x000000000011006b      0x169 binaries/uechowrite.o
                0x000000000011006b                uechowrite
 .text          0x00000000001101d4      0x8e6 binaries/arp.o
                0x00000000001101d4                arp_init
                0x000000000011021a                arp_resolve
                0x0000000000110508                arp_in
                0x00000000001107ea                arp_alloc
                0x00000000001108cc                arp_ntoh
                0x00000000001109c3                arp_hton
 .text          0x0000000000110aba      0xa6c binaries/dhcp.o
                0x0000000000110aba                dhcp_get_opt_val
                0x0000000000110b1c                dhcp_bld_bootp_msg
                0x0000000000110c43                dhcp_bld_disc
                0x0000000000110d22                dhcp_bld_req
                0x0000000000110e7a                getlocalip
 .text          0x0000000000111526      0x557 binaries/dns.o
                0x0000000000111526                dns_qa
                0x0000000000111714                dns_bldq
                0x00000000001117f2                dns_geta
                0x0000000000111985                dns_getrname
 .text          0x0000000000111a7d       0xf4 binaries/dot2ip.o
                0x0000000000111a7d                dot2ip
 .text          0x0000000000111b71      0x528 binaries/hexdump.o
                0x0000000000111b71                hexdump
                0x0000000000111d3f                hexadump
 .text          0x0000000000112099      0x943 binaries/icmp.o
                0x0000000000112099                icmp_init
                0x00000000001120df                icmp_in
                0x00000000001122c2                icmp_register
                0x00000000001123cc                icmp_recv
                0x000000000011256a                icmp_send
                0x0000000000112601                icmp_mkpkt
                0x0000000000112737                icmp_release
                0x0000000000112844                icmp_cksum
                0x00000000001128de                icmp_hton
                0x000000000011295d                icmp_ntoh
 .text          0x00000000001129dc      0x973 binaries/ip.o
                0x00000000001129dc                ip_in
                0x0000000000112b81                ip_send
                0x0000000000112d03                ip_local
                0x0000000000112d64                ip_out
                0x0000000000112eaf                ipcksum
                0x0000000000112f43                ip_ntoh
                0x000000000011303a                ip_hton
                0x0000000000113131                ipout
                0x0000000000113288                ip_enqueue
 .text          0x000000000011334f      0x2f1 binaries/net.o
                0x000000000011334f                net_init
                0x0000000000113508                netin
                0x00000000001135d6                eth_hton
                0x000000000011360b                eth_ntoh
 .text          0x0000000000113640      0x16e binaries/netstart.o
                0x0000000000113640                netstart
 .text          0x00000000001137ae     0x1608 binaries/pdump.o
                0x00000000001137ae                pdump
                0x000000000011463c                pdumph
 .text.__x86.get_pc_thunk.si
                0x0000000000114db6        0x4 binaries/pdump.o
                0x0000000000114db6                __x86.get_pc_thunk.si
 .text          0x0000000000114dba      0x69a binaries/tftp.o
                0x0000000000114dba                tftp_send1
                0x0000000000114f56                tftpget
                0x0000000000114f92                tftpget_mb
 .text          0x0000000000115454      0xc8b binaries/udp.o
                0x0000000000115454                udp_init
                0x000000000011549f                udp_in
                0x00000000001155f7                udp_register
                0x0000000000115750                udp_recv
                0x0000000000115904                udp_recvaddr
                0x0000000000115ad0                udp_send
                0x0000000000115cda                udp_sendto
                0x0000000000115ed0                udp_release
                0x0000000000115fe1                udp_ntoh
                0x0000000000116060                udp_hton
 .text          0x00000000001160df      0x18e binaries/addargs.o
                0x00000000001160df                addargs
 .text          0x000000000011626d      0x2d1 binaries/lexan.o
                0x000000000011626d                lexan
 .text          0x000000000011653e      0x93d binaries/shell.o
                0x000000000011653e                shell
 .text          0x0000000000116e7b       0x7e binaries/xsh_argecho.o
                0x0000000000116e7b                xsh_argecho
 .text          0x0000000000116ef9      0x2c7 binaries/xsh_arp.o
                0x0000000000116ef9                xsh_arp
 .text          0x00000000001171c0     0x3280 binaries/xsh_basic.o
                0x000000000011a001                xsh_basic
 .text          0x000000000011a440      0x2ef binaries/xsh_cat.o
                0x000000000011a440                xsh_cat
 .text          0x000000000011a72f       0x7a binaries/xsh_clear.o
                0x000000000011a72f                xsh_clear
 .text          0x000000000011a7a9      0x1f4 binaries/xsh_cp.o
                0x000000000011a7a9                xsh_cp
 .text          0x000000000011a99d      0x354 binaries/xsh_date.o
                0x000000000011a99d                xsh_date
 .text          0x000000000011acf1       0xcb binaries/xsh_devdump.o
                0x000000000011acf1                xsh_devdump
 .text          0x000000000011adbc      0x5b0 binaries/xsh_dine.o
                0x000000000011adbc                take_forks
                0x000000000011ae10                put_forks
                0x000000000011ae64                phil_func
                0x000000000011af8c                xsh_dine
 .text          0x000000000011b36c     0x207d binaries/xsh_e0.o
                0x000000000011b36c                xmalloc
                0x000000000011b5e1                fail
                0x000000000011b72a                printn
                0x000000000011d03f                xsh_e0
 .text          0x000000000011d3e9       0x87 binaries/xsh_echo.o
                0x000000000011d3e9                xsh_echo
 .text          0x000000000011d470       0x14 binaries/xsh_exit.o
                0x000000000011d470                xsh_exit
 .text          0x000000000011d484      0x3e9 binaries/xsh_help.o
                0x000000000011d484                xsh_help
 .text          0x000000000011d86d      0x6a5 binaries/xsh_ipaddr.o
                0x000000000011d86d                xsh_ipaddr
 .text          0x000000000011df12      0x287 binaries/xsh_kill.o
                0x000000000011df12                xsh_kill
 .text          0x000000000011e199      0x5be binaries/xsh_ls.o
                0x000000000011e1d6                xsh_ls
 .text          0x000000000011e757      0x439 binaries/xsh_memdump.o
                0x000000000011e757                xsh_memdump
 .text          0x000000000011eb90      0x316 binaries/xsh_memstat.o
                0x000000000011eb90                xsh_memstat
 .text          0x000000000011eea6      0x2e3 binaries/xsh_mklfs.o
                0x000000000011eea6                xsh_mklfs
 .text          0x000000000011f189      0x32e binaries/xsh_msr.o
                0x000000000011f189                xsh_msr
 .text          0x000000000011f4b7      0x286 binaries/xsh_netstat.o
                0x000000000011f4b7                xsh_netstat
 .text          0x000000000011f73d      0x4ea binaries/xsh_ping.o
                0x000000000011f73d                xsh_ping
 .text          0x000000000011fc27      0x27c binaries/xsh_ps.o
                0x000000000011fc27                xsh_ps
 .text          0x000000000011fea3       0x64 binaries/xsh_reboot.o
                0x000000000011fea3                xsh_reboot
 .text          0x000000000011ff07       0xfd binaries/xsh_rename.o
                0x000000000011ff07                xsh_rename
 .text          0x0000000000120004      0x123 binaries/xsh_rm.o
                0x0000000000120004                xsh_rm
 .text          0x0000000000120127      0x2f2 binaries/xsh_sleep.o
                0x0000000000120127                xsh_sleep
 .text          0x0000000000120419      0x13c binaries/xsh_ss.o
                0x0000000000120419                xsh_ss
 .text          0x0000000000120555      0x34b binaries/xsh_sum.o
                0x0000000000120555                xsh_sum
 .text          0x00000000001208a0      0x3fc binaries/xsh_tail.o
                0x0000000000120951                xsh_tail
 .text          0x0000000000120c9c     0x169b binaries/xsh_tftp.o
                0x000000000012207c                xsh_tftp
 .text          0x0000000000122337      0x57f binaries/xsh_tsetjmp.o
                0x0000000000122337                getans
                0x0000000000122661                xsh_tsetjmp
 .text          0x00000000001228b6      0x2dd binaries/xsh_udpdump.o
                0x00000000001228b6                xsh_udpdump
 .text          0x0000000000122b93      0x532 binaries/xsh_udpecho.o
                0x0000000000122b93                xsh_udpecho
 .text          0x00000000001230c5      0x2fb binaries/xsh_udpeserver.o
                0x00000000001230c5                xsh_udpeserver
 .text          0x00000000001233c0      0x31b binaries/xsh_uptime.o
                0x00000000001233c0                xsh_uptime
 .text          0x00000000001236db        0xe binaries/clkdisp.o
                0x00000000001236db                clkdisp
 .text          0x00000000001236e9       0x19 binaries/ctxsw.o
                0x00000000001236e9                ctxsw
 .text          0x0000000000123702      0x380 binaries/intr.o
                0x0000000000123702                getcr0
                0x0000000000123706                getcr3
                0x000000000012370a                reboot
                0x000000000012371a                disable
                0x0000000000123723                restore
                0x0000000000123731                enable
                0x0000000000123733                pause
                0x000000000012373a                halt
                0x000000000012373d                spurious_irq7
                0x0000000000123742                spurious_irq15
                0x0000000000123751                _Xint0
                0x000000000012375c                _Xint1
                0x0000000000123767                _Xint2
                0x0000000000123772                _Xint3
                0x000000000012377d                _Xint4
                0x0000000000123788                _Xint5
                0x0000000000123793                _Xint6
                0x000000000012379e                _Xint7
                0x00000000001237a9                _Xint8
                0x00000000001237b4                _Xint9
                0x00000000001237bf                _Xint10
                0x00000000001237ca                _Xint11
                0x00000000001237d8                _Xint12
                0x00000000001237e6                _Xint13
                0x00000000001237f4                _Xint14
                0x0000000000123802                _Xint15
                0x0000000000123810                _Xint16
                0x000000000012381e                _Xint17
                0x000000000012382c                _Xint18
                0x000000000012383a                _Xint19
                0x0000000000123848                _Xint20
                0x0000000000123856                _Xint21
                0x0000000000123864                _Xint22
                0x0000000000123872                _Xint23
                0x0000000000123880                _Xint24
                0x000000000012388e                _Xint25
                0x000000000012389c                _Xint26
                0x00000000001238aa                _Xint27
                0x00000000001238b8                _Xint28
                0x00000000001238c6                _Xint29
                0x00000000001238d4                _Xint30
                0x00000000001238e2                _Xint31
                0x00000000001238f0                _Xint32
                0x00000000001238fe                _Xint33
                0x000000000012390c                _Xint34
                0x000000000012391a                _Xint35
                0x0000000000123928                _Xint36
                0x0000000000123936                _Xint37
                0x0000000000123944                _Xint38
                0x0000000000123952                _Xint39
                0x0000000000123960                _Xint40
                0x000000000012396e                _Xint41
                0x000000000012397c                _Xint42
                0x000000000012398a                _Xint43
                0x0000000000123998                _Xint44
                0x00000000001239a6                _Xint45
                0x00000000001239b4                _Xint46
                0x00000000001239c2                defevec
 .text          0x0000000000123a82       0x3a binaries/setjmp.o
                0x0000000000123a82                setjmp
                0x0000000000123aa1                longjmp
 .text          0x0000000000123abc        0xf binaries/ttydispatch.o
                0x0000000000123abc                ttydispatch
 .text          0x0000000000123acb       0x13 binaries/ethdispatch.o
                0x0000000000123acb                ethdispatch
 *(.rodata .rodata.*)
 *fill*         0x0000000000123ade        0x2 
 .rodata        0x0000000000123ae0       0x8e binaries/ascdate.o
 .rodata        0x0000000000123b6e       0xb2 binaries/conf.o
 .rodata        0x0000000000123c20       0x83 binaries/early_imr.o
 *fill*         0x0000000000123ca3        0x1 
 .rodata        0x0000000000123ca4      0x233 binaries/evec.o
 *fill*         0x0000000000123ed7        0x1 
 .rodata        0x0000000000123ed8       0xca binaries/getutime.o
 *fill*         0x0000000000123fa2        0x2 
 .rodata        0x0000000000123fa4      0x148 binaries/initialize.o
 .rodata        0x00000000001240ec       0x20 binaries/kill.o
 .rodata        0x000000000012410c       0x2a binaries/main.o
 *fill*         0x0000000000124136        0x2 
 .rodata        0x0000000000124138       0x3e binaries/meminit.o
 .rodata        0x0000000000124176        0xf binaries/panic.o
 .rodata        0x0000000000124185       0x1c binaries/ptinit.o
 *fill*         0x00000000001241a1        0x3 
 .rodata        0x00000000001241a4       0x25 binaries/ptsend.o
 .rodata        0x00000000001241c9       0x22 binaries/quark_pdat.o
 *fill*         0x00000000001241eb        0x1 
 .rodata        0x00000000001241ec       0x8f binaries/showmema.o
 *fill*         0x000000000012427b        0x1 
 .rodata        0x000000000012427c       0xb7 binaries/stacktrace.o
 *fill*         0x0000000000124333        0x1 
 .rodata        0x0000000000124334       0x27 binaries/xdone.o
 *fill*         0x000000000012435b        0x5 
 .rodata        0x0000000000124360       0x81 binaries/ctype_.o
                0x0000000000124360                _ctype_
 *fill*         0x00000000001243e1        0x3 
 .rodata        0x00000000001243e4       0xee binaries/doprnt.o
 *fill*         0x00000000001244d2        0x2 
 .rodata        0x00000000001244d4       0x98 binaries/doscan.o
 .rodata        0x000000000012456c       0xae binaries/fdoprnt.o
 .rodata        0x000000000012461a        0x1 binaries/strtok.o
 *fill*         0x000000000012461b        0x5 
 .rodata        0x0000000000124620       0x65 binaries/xstoul.o
 *fill*         0x0000000000124685        0x3 
 .rodata        0x0000000000124688       0x20 binaries/ttycontrol.o
 .rodata        0x00000000001246a8       0x34 binaries/ttyhandler.o
 .rodata        0x00000000001246dc       0x80 binaries/naminit.o
 .rodata        0x000000000012475c       0x46 binaries/ethinit.o
 *fill*         0x00000000001247a2        0x2 
 .rodata        0x00000000001247a4       0x2c binaries/rdsbufalloc.o
 .rodata        0x00000000001247d0       0x76 binaries/rdscomm.o
 *fill*         0x0000000000124846        0x2 
 .rodata        0x0000000000124848       0x48 binaries/rdscontrol.o
 .rodata        0x0000000000124890       0x96 binaries/rdsinit.o
 *fill*         0x0000000000124926        0x2 
 .rodata        0x0000000000124928       0x22 binaries/rdsopen.o
 *fill*         0x000000000012494a        0x2 
 .rodata        0x000000000012494c       0x4d binaries/rdsprocess.o
 .rodata        0x0000000000124999        0x9 binaries/raminit.o
 *fill*         0x00000000001249a2        0x2 
 .rodata        0x00000000001249a4       0x37 binaries/lfdballoc.o
 .rodata        0x00000000001249db       0x14 binaries/lfiballoc.o
 *fill*         0x00000000001249ef        0x1 
 .rodata        0x00000000001249f0       0x23 binaries/lflcontrol.o
 *fill*         0x0000000000124a13        0x1 
 .rodata        0x0000000000124a14       0xb7 binaries/lfsckfmt.o
 *fill*         0x0000000000124acb        0x1 
 .rodata        0x0000000000124acc       0x21 binaries/rflread.o
 *fill*         0x0000000000124aed        0x3 
 .rodata        0x0000000000124af0       0x21 binaries/rflwrite.o
 *fill*         0x0000000000124b11        0x3 
 .rodata        0x0000000000124b14       0x75 binaries/rfscomm.o
 *fill*         0x0000000000124b89        0x3 
 .rodata        0x0000000000124b8c       0x40 binaries/rfscontrol.o
 .rodata        0x0000000000124bcc       0x8b binaries/rfsinit.o
 *fill*         0x0000000000124c57        0x1 
 .rodata        0x0000000000124c58       0x2a binaries/rfsndmsg.o
 *fill*         0x0000000000124c82        0x2 
 .rodata        0x0000000000124c84       0x22 binaries/rfsopen.o
 *fill*         0x0000000000124ca6        0x2 
 .rodata        0x0000000000124ca8       0x37 binaries/uechoinit.o
 *fill*         0x0000000000124cdf        0x1 
 .rodata        0x0000000000124ce0       0x3a binaries/arp.o
 *fill*         0x0000000000124d1a        0x2 
 .rodata        0x0000000000124d1c      0x1f4 binaries/dhcp.o
 .rodata        0x0000000000124f10       0xc9 binaries/hexdump.o
 *fill*         0x0000000000124fd9        0x3 
 .rodata        0x0000000000124fdc       0x29 binaries/icmp.o
 *fill*         0x0000000000125005        0x3 
 .rodata        0x0000000000125008       0x6e binaries/ip.o
 *fill*         0x0000000000125076        0x2 
 .rodata        0x0000000000125078       0x5d binaries/net.o
 *fill*         0x00000000001250d5        0x3 
 .rodata        0x00000000001250d8       0xdb binaries/netstart.o
 *fill*         0x00000000001251b3        0x1 
 .rodata        0x00000000001251b4      0x26f binaries/pdump.o
 *fill*         0x0000000000125423        0x1 
 .rodata        0x0000000000125424      0x154 binaries/tftp.o
 .rodata        0x0000000000125578       0x44 binaries/udp.o
 .rodata        0x00000000001255bc      0x34d binaries/shell.o
 .rodata        0x0000000000125909       0x28 binaries/xsh_argecho.o
 *fill*         0x0000000000125931        0x3 
 .rodata        0x0000000000125934      0x123 binaries/xsh_arp.o
 *fill*         0x0000000000125a57        0x1 
 .rodata        0x0000000000125a58      0x4f0 binaries/xsh_basic.o
 .rodata        0x0000000000125f48       0xd5 binaries/xsh_cat.o
 .rodata        0x000000000012601d       0x15 binaries/xsh_clear.o
 *fill*         0x0000000000126032        0x2 
 .rodata        0x0000000000126034      0x108 binaries/xsh_cp.o
 .rodata        0x000000000012613c      0x1c3 binaries/xsh_date.o
 .rodata        0x00000000001262ff       0x5d binaries/xsh_devdump.o
 .rodata        0x000000000012635c      0x140 binaries/xsh_dine.o
 .rodata        0x000000000012649c      0x978 binaries/xsh_e0.o
 .rodata        0x0000000000126e14        0x9 binaries/xsh_echo.o
 *fill*         0x0000000000126e1d        0x3 
 .rodata        0x0000000000126e20      0x169 binaries/xsh_help.o
 *fill*         0x0000000000126f89        0x3 
 .rodata        0x0000000000126f8c      0x1ec binaries/xsh_ipaddr.o
 .rodata        0x0000000000127178      0x12e binaries/xsh_kill.o
 *fill*         0x00000000001272a6        0x2 
 .rodata        0x00000000001272a8      0x1d0 binaries/xsh_ls.o
 .rodata        0x0000000000127478      0x24b binaries/xsh_memdump.o
 *fill*         0x00000000001276c3        0x1 
 .rodata        0x00000000001276c4      0x225 binaries/xsh_memstat.o
 *fill*         0x00000000001278e9        0x3 
 .rodata        0x00000000001278ec      0x2b9 binaries/xsh_mklfs.o
 *fill*         0x0000000000127ba5        0x3 
 .rodata        0x0000000000127ba8      0x1aa binaries/xsh_msr.o
 *fill*         0x0000000000127d52        0x2 
 .rodata        0x0000000000127d54      0x180 binaries/xsh_netstat.o
 .rodata        0x0000000000127ed4      0x1a1 binaries/xsh_ping.o
 *fill*         0x0000000000128075        0x3 
 .rodata        0x0000000000128078      0x1a8 binaries/xsh_ps.o
 .rodata        0x0000000000128220       0x4c binaries/xsh_reboot.o
 .rodata        0x000000000012826c       0x51 binaries/xsh_rename.o
 *fill*         0x00000000001282bd        0x3 
 .rodata        0x00000000001282c0       0x8d binaries/xsh_rm.o
 *fill*         0x000000000012834d        0x3 
 .rodata        0x0000000000128350      0x10f binaries/xsh_sleep.o
 *fill*         0x000000000012845f        0x1 
 .rodata        0x0000000000128460      0x159 binaries/xsh_ss.o
 *fill*         0x00000000001285b9        0x3 
 .rodata        0x00000000001285bc      0x11d binaries/xsh_sum.o
 *fill*         0x00000000001286d9        0x3 
 .rodata        0x00000000001286dc       0xb4 binaries/xsh_tail.o
 .rodata        0x0000000000128790      0x580 binaries/xsh_tftp.o
 .rodata        0x0000000000128d10      0x453 binaries/xsh_tsetjmp.o
 *fill*         0x0000000000129163        0x1 
 .rodata        0x0000000000129164      0x1b8 binaries/xsh_udpdump.o
 .rodata        0x000000000012931c      0x215 binaries/xsh_udpecho.o
 *fill*         0x0000000000129531        0x3 
 .rodata        0x0000000000129534      0x12b binaries/xsh_udpeserver.o
 *fill*         0x000000000012965f        0x1 
 .rodata        0x0000000000129660      0x134 binaries/xsh_uptime.o
                0x0000000000129794                etext = ABSOLUTE (.)
                0x000000000012a000                . = ALIGN (0x1000)
 *fill*         0x0000000000129794      0x86c 

.plt.got        0x000000000012a000        0x0
 .plt.got       0x000000000012a000        0x0 binaries/start.o

.eh_frame       0x000000000012a000        0x0
 .eh_frame      0x000000000012a000        0x0 binaries/start.o

.eh_frame       0x000000000012a000     0x7138
 .eh_frame      0x000000000012a000       0x50 binaries/ascdate.o
 .eh_frame      0x000000000012a050       0x4c binaries/bufinit.o
 .eh_frame      0x000000000012a09c       0x50 binaries/chprio.o
 .eh_frame      0x000000000012a0ec       0x50 binaries/clkhandler.o
 .eh_frame      0x000000000012a13c       0x50 binaries/clkinit.o
 .eh_frame      0x000000000012a18c       0x50 binaries/close.o
 .eh_frame      0x000000000012a1dc       0x50 binaries/control.o
 .eh_frame      0x000000000012a22c       0x88 binaries/create.o
 .eh_frame      0x000000000012a2b4      0x154 binaries/early_imr.o
 .eh_frame      0x000000000012a408       0xd0 binaries/evec.o
 .eh_frame      0x000000000012a4d8       0x50 binaries/exit.o
 .eh_frame      0x000000000012a528       0x50 binaries/freebuf.o
 .eh_frame      0x000000000012a578       0x50 binaries/freemem.o
 .eh_frame      0x000000000012a5c8       0x50 binaries/getbuf.o
 .eh_frame      0x000000000012a618       0x50 binaries/getc.o
 .eh_frame      0x000000000012a668       0x50 binaries/getdev.o
 .eh_frame      0x000000000012a6b8       0xa4 binaries/getitem.o
 .eh_frame      0x000000000012a75c       0x50 binaries/getmem.o
 .eh_frame      0x000000000012a7ac       0x4c binaries/getpid.o
 .eh_frame      0x000000000012a7f8       0x50 binaries/getprio.o
 .eh_frame      0x000000000012a848       0x50 binaries/getstk.o
 .eh_frame      0x000000000012a898       0x50 binaries/gettime.o
 .eh_frame      0x000000000012a8e8       0x50 binaries/getutime.o
 .eh_frame      0x000000000012a938       0x50 binaries/init.o
 .eh_frame      0x000000000012a988       0xc0 binaries/initialize.o
 .eh_frame      0x000000000012aa48       0x50 binaries/insert.o
 .eh_frame      0x000000000012aa98       0x54 binaries/insertd.o
 .eh_frame      0x000000000012aaec       0x4c binaries/ioerr.o
 .eh_frame      0x000000000012ab38       0x4c binaries/ionull.o
 .eh_frame      0x000000000012ab84       0x58 binaries/kill.o
 .eh_frame      0x000000000012abdc       0x90 binaries/kprintf.o
 .eh_frame      0x000000000012ac6c       0x54 binaries/main.o
 .eh_frame      0x000000000012acc0       0x74 binaries/mark.o
 .eh_frame      0x000000000012ad34       0x94 binaries/meminit.o
 .eh_frame      0x000000000012adc8       0x50 binaries/mkbufpool.o
 .eh_frame      0x000000000012ae18       0x4c binaries/netup.o
 .eh_frame      0x000000000012ae64       0x50 binaries/newqueue.o
 .eh_frame      0x000000000012aeb4       0x50 binaries/open.o
 .eh_frame      0x000000000012af04       0x48 binaries/panic.o
 .eh_frame      0x000000000012af4c      0x1ec binaries/pci.o
 .eh_frame      0x000000000012b138       0x74 binaries/platinit.o
 .eh_frame      0x000000000012b1ac       0x50 binaries/ptclear.o
 .eh_frame      0x000000000012b1fc       0x50 binaries/ptcount.o
 .eh_frame      0x000000000012b24c       0x50 binaries/ptcreate.o
 .eh_frame      0x000000000012b29c       0x50 binaries/ptdelete.o
 .eh_frame      0x000000000012b2ec       0x50 binaries/ptinit.o
 .eh_frame      0x000000000012b33c       0x50 binaries/ptrecv.o
 .eh_frame      0x000000000012b38c       0x50 binaries/ptreset.o
 .eh_frame      0x000000000012b3dc       0x50 binaries/ptsend.o
 .eh_frame      0x000000000012b42c       0x50 binaries/putc.o
 .eh_frame      0x000000000012b47c       0x50 binaries/quark_irq.o
 .eh_frame      0x000000000012b4cc       0x74 binaries/quark_pdat.o
 .eh_frame      0x000000000012b540       0x88 binaries/queue.o
 .eh_frame      0x000000000012b5c8       0x50 binaries/read.o
 .eh_frame      0x000000000012b618       0x54 binaries/ready.o
 .eh_frame      0x000000000012b66c       0x50 binaries/receive.o
 .eh_frame      0x000000000012b6bc       0x50 binaries/recvclr.o
 .eh_frame      0x000000000012b70c       0x50 binaries/recvtime.o
 .eh_frame      0x000000000012b75c       0x50 binaries/regevent.o
 .eh_frame      0x000000000012b7ac       0x50 binaries/remove.o
 .eh_frame      0x000000000012b7fc       0x50 binaries/rename.o
 .eh_frame      0x000000000012b84c       0x88 binaries/resched.o
 .eh_frame      0x000000000012b8d4       0x50 binaries/resume.o
 .eh_frame      0x000000000012b924       0x50 binaries/seek.o
 .eh_frame      0x000000000012b974       0x50 binaries/semcount.o
 .eh_frame      0x000000000012b9c4       0x88 binaries/semcreate.o
 .eh_frame      0x000000000012ba4c       0x50 binaries/semdelete.o
 .eh_frame      0x000000000012ba9c       0x50 binaries/semreset.o
 .eh_frame      0x000000000012baec       0x50 binaries/send.o
 .eh_frame      0x000000000012bb3c       0x50 binaries/sendevent.o
 .eh_frame      0x000000000012bb8c       0x50 binaries/showmema.o
 .eh_frame      0x000000000012bbdc       0x50 binaries/signal.o
 .eh_frame      0x000000000012bc2c       0x50 binaries/signaln.o
 .eh_frame      0x000000000012bc7c       0x84 binaries/sleep.o
 .eh_frame      0x000000000012bd00       0x4c binaries/ssignal.o
 .eh_frame      0x000000000012bd4c       0x50 binaries/stacktrace.o
 .eh_frame      0x000000000012bd9c       0x50 binaries/suspend.o
 .eh_frame      0x000000000012bdec       0x50 binaries/swait2.o
 .eh_frame      0x000000000012be3c       0x4c binaries/swait.o
 .eh_frame      0x000000000012be88       0x50 binaries/unsleep.o
 .eh_frame      0x000000000012bed8       0x50 binaries/userret.o
 .eh_frame      0x000000000012bf28       0x50 binaries/wait.o
 .eh_frame      0x000000000012bf78       0x50 binaries/wakeup.o
 .eh_frame      0x000000000012bfc8       0x50 binaries/write.o
 .eh_frame      0x000000000012c018       0x50 binaries/xdone.o
 .eh_frame      0x000000000012c068       0x50 binaries/yield.o
 .eh_frame      0x000000000012c0b8       0x4c binaries/abs.o
 .eh_frame      0x000000000012c104       0x4c binaries/atoi.o
 .eh_frame      0x000000000012c150       0x4c binaries/atol.o
 .eh_frame      0x000000000012c19c       0x4c binaries/bzero.o
 .eh_frame      0x000000000012c1e8      0x10c binaries/doprnt.o
 .eh_frame      0x000000000012c2f4       0xf4 binaries/doscan.o
 .eh_frame      0x000000000012c3e8      0x10c binaries/fdoprnt.o
 .eh_frame      0x000000000012c4f4       0x50 binaries/fgetc.o
 .eh_frame      0x000000000012c544       0x50 binaries/fgets.o
 .eh_frame      0x000000000012c594       0x84 binaries/fprintf.o
 .eh_frame      0x000000000012c618       0x50 binaries/fputc.o
 .eh_frame      0x000000000012c668       0x50 binaries/fputs.o
 .eh_frame      0x000000000012c6b8       0x94 binaries/fscanf.o
 .eh_frame      0x000000000012c74c       0x50 binaries/getchar.o
 .eh_frame      0x000000000012c79c       0x4c binaries/isatty.o
 .eh_frame      0x000000000012c7e8       0x4c binaries/labs.o
 .eh_frame      0x000000000012c834       0x4c binaries/memchr.o
 .eh_frame      0x000000000012c880       0x4c binaries/memcmp.o
 .eh_frame      0x000000000012c8cc       0x50 binaries/memcpy.o
 .eh_frame      0x000000000012c91c       0x4c binaries/memset.o
 .eh_frame      0x000000000012c968       0x88 binaries/printf.o
 .eh_frame      0x000000000012c9f0       0x50 binaries/putchar.o
 .eh_frame      0x000000000012ca40       0x50 binaries/qsort.o
 .eh_frame      0x000000000012ca90       0x6c binaries/rand.o
 .eh_frame      0x000000000012cafc       0x70 binaries/sprintf.o
 .eh_frame      0x000000000012cb6c       0x90 binaries/sscanf.o
 .eh_frame      0x000000000012cbfc       0x4c binaries/strcat.o
 .eh_frame      0x000000000012cc48       0x4c binaries/strchr.o
 .eh_frame      0x000000000012cc94       0x4c binaries/strcmp.o
 .eh_frame      0x000000000012cce0       0x4c binaries/strcpy.o
 .eh_frame      0x000000000012cd2c       0x4c binaries/strlen.o
 .eh_frame      0x000000000012cd78       0x4c binaries/strncat.o
 .eh_frame      0x000000000012cdc4       0x4c binaries/strncmp.o
 .eh_frame      0x000000000012ce10       0x54 binaries/strncpy.o
 .eh_frame      0x000000000012ce64       0x4c binaries/strnlen.o
 .eh_frame      0x000000000012ceb0       0x4c binaries/strpbrk.o
 .eh_frame      0x000000000012cefc       0x4c binaries/strrchr.o
 .eh_frame      0x000000000012cf48       0x4c binaries/strspn.o
 .eh_frame      0x000000000012cf94       0x4c binaries/strstr.o
 .eh_frame      0x000000000012cfe0       0x50 binaries/strtok.o
 .eh_frame      0x000000000012d030       0x50 binaries/strtol.o
 .eh_frame      0x000000000012d080       0x50 binaries/strtoul.o
 .eh_frame      0x000000000012d0d0       0x4c binaries/tolower.o
 .eh_frame      0x000000000012d11c       0x4c binaries/toupper.o
 .eh_frame      0x000000000012d168       0x50 binaries/xstoul.o
 .eh_frame      0x000000000012d1b8       0x50 binaries/ttycontrol.o
 .eh_frame      0x000000000012d208       0x50 binaries/ttygetc.o
 .eh_frame      0x000000000012d258       0xdc binaries/ttyhandle_in.o
 .eh_frame      0x000000000012d334       0x50 binaries/ttyhandle_out.o
 .eh_frame      0x000000000012d384       0x50 binaries/ttyhandler.o
 .eh_frame      0x000000000012d3d4       0x50 binaries/ttyinit.o
 .eh_frame      0x000000000012d424       0x4c binaries/ttykickout.o
 .eh_frame      0x000000000012d470       0x50 binaries/ttyputc.o
 .eh_frame      0x000000000012d4c0       0x58 binaries/ttyread.o
 .eh_frame      0x000000000012d518       0x50 binaries/ttywrite.o
 .eh_frame      0x000000000012d568       0x84 binaries/mount.o
 .eh_frame      0x000000000012d5ec       0x50 binaries/naminit.o
 .eh_frame      0x000000000012d63c       0xac binaries/nammap.o
 .eh_frame      0x000000000012d6e8       0x50 binaries/namopen.o
 .eh_frame      0x000000000012d738       0x54 binaries/colon2mac.o
 .eh_frame      0x000000000012d78c       0x50 binaries/ethcontrol.o
 .eh_frame      0x000000000012d7dc       0x50 binaries/ethhandler.o
 .eh_frame      0x000000000012d82c       0xe4 binaries/ethinit.o
 .eh_frame      0x000000000012d910       0x88 binaries/ethmcast.o
 .eh_frame      0x000000000012d998       0x50 binaries/ethread.o
 .eh_frame      0x000000000012d9e8       0x50 binaries/ethwrite.o
 .eh_frame      0x000000000012da38       0x50 binaries/rdsbufalloc.o
 .eh_frame      0x000000000012da88       0x4c binaries/rdsclose.o
 .eh_frame      0x000000000012dad4       0x58 binaries/rdscomm.o
 .eh_frame      0x000000000012db2c       0x50 binaries/rdscontrol.o
 .eh_frame      0x000000000012db7c       0x50 binaries/rdsinit.o
 .eh_frame      0x000000000012dbcc       0x50 binaries/rdsopen.o
 .eh_frame      0x000000000012dc1c       0x48 binaries/rdsprocess.o
 .eh_frame      0x000000000012dc64       0x50 binaries/rdsread.o
 .eh_frame      0x000000000012dcb4       0x50 binaries/rdswrite.o
 .eh_frame      0x000000000012dd04       0x4c binaries/ramclose.o
 .eh_frame      0x000000000012dd50       0x50 binaries/raminit.o
 .eh_frame      0x000000000012dda0       0x4c binaries/ramopen.o
 .eh_frame      0x000000000012ddec       0x50 binaries/ramread.o
 .eh_frame      0x000000000012de3c       0x50 binaries/ramwrite.o
 .eh_frame      0x000000000012de8c       0x50 binaries/lfdballoc.o
 .eh_frame      0x000000000012dedc       0x50 binaries/lfdbfree.o
 .eh_frame      0x000000000012df2c       0x50 binaries/lfflush.o
 .eh_frame      0x000000000012df7c       0x4c binaries/lfgetmode.o
 .eh_frame      0x000000000012dfc8       0x50 binaries/lfiballoc.o
 .eh_frame      0x000000000012e018       0x4c binaries/lfibclear.o
 .eh_frame      0x000000000012e064       0x50 binaries/lfibget.o
 .eh_frame      0x000000000012e0b4       0x50 binaries/lfibput.o
 .eh_frame      0x000000000012e104       0x50 binaries/lflclose.o
 .eh_frame      0x000000000012e154       0x50 binaries/lflcontrol.o
 .eh_frame      0x000000000012e1a4       0x50 binaries/lflgetc.o
 .eh_frame      0x000000000012e1f4       0x50 binaries/lflinit.o
 .eh_frame      0x000000000012e244       0x50 binaries/lflputc.o
 .eh_frame      0x000000000012e294       0x50 binaries/lflread.o
 .eh_frame      0x000000000012e2e4       0x50 binaries/lflseek.o
 .eh_frame      0x000000000012e334       0x50 binaries/lflwrite.o
 .eh_frame      0x000000000012e384       0x50 binaries/lfsckfmt.o
 .eh_frame      0x000000000012e3d4       0xa8 binaries/lfscontrol.o
 .eh_frame      0x000000000012e47c       0x50 binaries/lfscreate.o
 .eh_frame      0x000000000012e4cc       0x50 binaries/lfsetup.o
 .eh_frame      0x000000000012e51c       0x50 binaries/lfsinit.o
 .eh_frame      0x000000000012e56c       0x50 binaries/lfsopen.o
 .eh_frame      0x000000000012e5bc       0x50 binaries/lftruncate.o
 .eh_frame      0x000000000012e60c       0x50 binaries/rflclose.o
 .eh_frame      0x000000000012e65c       0x50 binaries/rflgetc.o
 .eh_frame      0x000000000012e6ac       0x4c binaries/rflinit.o
 .eh_frame      0x000000000012e6f8       0x50 binaries/rflputc.o
 .eh_frame      0x000000000012e748       0x50 binaries/rflread.o
 .eh_frame      0x000000000012e798       0x50 binaries/rflseek.o
 .eh_frame      0x000000000012e7e8       0x50 binaries/rflwrite.o
 .eh_frame      0x000000000012e838       0x58 binaries/rfscomm.o
 .eh_frame      0x000000000012e890       0x50 binaries/rfscontrol.o
 .eh_frame      0x000000000012e8e0       0x4c binaries/rfsgetmode.o
 .eh_frame      0x000000000012e92c       0x50 binaries/rfsinit.o
 .eh_frame      0x000000000012e97c       0x50 binaries/rfsndmsg.o
 .eh_frame      0x000000000012e9cc       0x50 binaries/rfsopen.o
 .eh_frame      0x000000000012ea1c       0x4c binaries/uechoclose.o
 .eh_frame      0x000000000012ea68       0x4c binaries/uechocontrol.o
 .eh_frame      0x000000000012eab4       0x90 binaries/uechoget.o
 .eh_frame      0x000000000012eb44       0x8c binaries/uechoinit.o
 .eh_frame      0x000000000012ebd0       0x50 binaries/uechoopen.o
 .eh_frame      0x000000000012ec20       0x54 binaries/uechoputc.o
 .eh_frame      0x000000000012ec74       0x50 binaries/uechoread.o
 .eh_frame      0x000000000012ecc4       0x58 binaries/uechowrite.o
 .eh_frame      0x000000000012ed1c      0x124 binaries/arp.o
 .eh_frame      0x000000000012ee40       0xec binaries/dhcp.o
 .eh_frame      0x000000000012ef2c       0xcc binaries/dns.o
 .eh_frame      0x000000000012eff8       0x4c binaries/dot2ip.o
 .eh_frame      0x000000000012f044       0x74 binaries/hexdump.o
 .eh_frame      0x000000000012f0b8      0x1bc binaries/icmp.o
 .eh_frame      0x000000000012f274      0x170 binaries/ip.o
 .eh_frame      0x000000000012f3e4       0xc0 binaries/net.o
 .eh_frame      0x000000000012f4a4       0x5c binaries/netstart.o
 .eh_frame      0x000000000012f500       0xa0 binaries/pdump.o
 .eh_frame      0x000000000012f5a0       0xb0 binaries/tftp.o
 .eh_frame      0x000000000012f650      0x1b4 binaries/udp.o
 .eh_frame      0x000000000012f804       0x50 binaries/addargs.o
 .eh_frame      0x000000000012f854       0x4c binaries/lexan.o
 .eh_frame      0x000000000012f8a0       0x58 binaries/shell.o
 .eh_frame      0x000000000012f8f8       0x50 binaries/xsh_argecho.o
 .eh_frame      0x000000000012f948       0x74 binaries/xsh_arp.o
 .eh_frame      0x000000000012f9bc      0x648 binaries/xsh_basic.o
 .eh_frame      0x0000000000130004       0x58 binaries/xsh_cat.o
 .eh_frame      0x000000000013005c       0x54 binaries/xsh_clear.o
 .eh_frame      0x00000000001300b0       0x50 binaries/xsh_cp.o
 .eh_frame      0x0000000000130100       0x58 binaries/xsh_date.o
 .eh_frame      0x0000000000130158       0x50 binaries/xsh_devdump.o
 .eh_frame      0x00000000001301a8       0xd0 binaries/xsh_dine.o
 .eh_frame      0x0000000000130278      0x384 binaries/xsh_e0.o
 .eh_frame      0x00000000001305fc       0x50 binaries/xsh_echo.o
 .eh_frame      0x000000000013064c       0x4c binaries/xsh_exit.o
 .eh_frame      0x0000000000130698       0x58 binaries/xsh_help.o
 .eh_frame      0x00000000001306f0       0x5c binaries/xsh_ipaddr.o
 .eh_frame      0x000000000013074c       0x58 binaries/xsh_kill.o
 .eh_frame      0x00000000001307a4       0x88 binaries/xsh_ls.o
 .eh_frame      0x000000000013082c       0x7c binaries/xsh_memdump.o
 .eh_frame      0x00000000001308a8       0xa0 binaries/xsh_memstat.o
 .eh_frame      0x0000000000130948       0x50 binaries/xsh_mklfs.o
 .eh_frame      0x0000000000130998       0x58 binaries/xsh_msr.o
 .eh_frame      0x00000000001309f0       0x58 binaries/xsh_netstat.o
 .eh_frame      0x0000000000130a48       0x5c binaries/xsh_ping.o
 .eh_frame      0x0000000000130aa4       0x5c binaries/xsh_ps.o
 .eh_frame      0x0000000000130b00       0x50 binaries/xsh_reboot.o
 .eh_frame      0x0000000000130b50       0x50 binaries/xsh_rename.o
 .eh_frame      0x0000000000130ba0       0x50 binaries/xsh_rm.o
 .eh_frame      0x0000000000130bf0       0x58 binaries/xsh_sleep.o
 .eh_frame      0x0000000000130c48       0x50 binaries/xsh_ss.o
 .eh_frame      0x0000000000130c98       0x5c binaries/xsh_sum.o
 .eh_frame      0x0000000000130cf4       0x84 binaries/xsh_tail.o
 .eh_frame      0x0000000000130d78      0x15c binaries/xsh_tftp.o
 .eh_frame      0x0000000000130ed4       0xfc binaries/xsh_tsetjmp.o
 .eh_frame      0x0000000000130fd0       0x58 binaries/xsh_udpdump.o
 .eh_frame      0x0000000000131028       0x5c binaries/xsh_udpecho.o
 .eh_frame      0x0000000000131084       0x5c binaries/xsh_udpeserver.o
 .eh_frame      0x00000000001310e0       0x58 binaries/xsh_uptime.o

.rel.dyn        0x0000000000131138        0x0
 .rel.text      0x0000000000131138        0x0 binaries/start.o
 .rel.got       0x0000000000131138        0x0 binaries/start.o

.data           0x0000000000131140     0x1ec0
                0x0000000000131140                data = ABSOLUTE (.)
 *(.data .data.*)
 .data          0x0000000000131140      0x86a binaries/start.o
                0x0000000000131140                gdt
                0x00000000001311a0                idt
                0x00000000001319a6                cpudelay
 .data          0x00000000001319aa        0x0 binaries/ascdate.o
 *fill*         0x00000000001319aa       0x16 
 .data.rel.local
                0x00000000001319c0       0x88 binaries/ascdate.o
                0x00000000001319c0                Date
 .data          0x0000000000131a48        0x0 binaries/bufinit.o
 .data          0x0000000000131a48        0x0 binaries/chprio.o
 .data          0x0000000000131a48        0x4 binaries/clkhandler.o
 .data          0x0000000000131a4c        0x0 binaries/clkinit.o
 .data          0x0000000000131a4c        0x0 binaries/close.o
 .data          0x0000000000131a4c        0x0 binaries/conf.o
 *fill*         0x0000000000131a4c       0x14 
 .data.rel      0x0000000000131a60      0x5dc binaries/conf.o
                0x0000000000131a60                devtab
 .data          0x000000000013203c        0x0 binaries/control.o
 .data          0x000000000013203c        0x4 binaries/create.o
 .data          0x0000000000132040        0x0 binaries/early_imr.o
 .data          0x0000000000132040        0x0 binaries/evec.o
 .data.rel.local
                0x0000000000132040       0x40 binaries/evec.o
                0x0000000000132040                inames
 .data          0x0000000000132080        0x0 binaries/exit.o
 .data          0x0000000000132080        0x0 binaries/freebuf.o
 .data          0x0000000000132080        0x0 binaries/freemem.o
 .data          0x0000000000132080        0x0 binaries/getbuf.o
 .data          0x0000000000132080        0x0 binaries/getc.o
 .data          0x0000000000132080        0x0 binaries/getdev.o
 .data          0x0000000000132080        0x0 binaries/getitem.o
 .data          0x0000000000132080        0x0 binaries/getmem.o
 .data          0x0000000000132080        0x0 binaries/getpid.o
 .data          0x0000000000132080        0x0 binaries/getprio.o
 .data          0x0000000000132080        0x0 binaries/getstk.o
 .data          0x0000000000132080        0x0 binaries/gettime.o
 .data          0x0000000000132080        0x0 binaries/getutime.o
 .data          0x0000000000132080        0x0 binaries/init.o
 .data          0x0000000000132080        0x0 binaries/initialize.o
 .data          0x0000000000132080        0x0 binaries/insert.o
 .data          0x0000000000132080        0x0 binaries/insertd.o
 .data          0x0000000000132080        0x0 binaries/ioerr.o
 .data          0x0000000000132080        0x0 binaries/ionull.o
 .data          0x0000000000132080        0x0 binaries/kill.o
 .data          0x0000000000132080        0x0 binaries/kprintf.o
 .data          0x0000000000132080        0x0 binaries/main.o
 .data          0x0000000000132080        0x0 binaries/mark.o
 .data          0x0000000000132080       0x78 binaries/meminit.o
                0x0000000000132080                bootsign
                0x0000000000132084                bootinfo
                0x00000000001320a0                gdt_copy
 .data          0x00000000001320f8        0x0 binaries/mkbufpool.o
 .data          0x00000000001320f8        0x0 binaries/netup.o
 .data          0x00000000001320f8        0x2 binaries/newqueue.o
 .data          0x00000000001320fa        0x0 binaries/open.o
 .data          0x00000000001320fa        0x0 binaries/panic.o
 .data          0x00000000001320fa        0x0 binaries/pci.o
 .data          0x00000000001320fa        0x0 binaries/platinit.o
 .data          0x00000000001320fa        0x0 binaries/ptclear.o
 .data          0x00000000001320fa        0x0 binaries/ptcount.o
 .data          0x00000000001320fa        0x0 binaries/ptcreate.o
 .data          0x00000000001320fa        0x0 binaries/ptdelete.o
 .data          0x00000000001320fa        0x0 binaries/ptinit.o
 .data          0x00000000001320fa        0x0 binaries/ptrecv.o
 .data          0x00000000001320fa        0x0 binaries/ptreset.o
 .data          0x00000000001320fa        0x0 binaries/ptsend.o
 .data          0x00000000001320fa        0x0 binaries/putc.o
 .data          0x00000000001320fa        0x0 binaries/quark_irq.o
 .data          0x00000000001320fa        0x0 binaries/quark_pdat.o
 .data          0x00000000001320fa        0x0 binaries/queue.o
 .data          0x00000000001320fa        0x0 binaries/read.o
 .data          0x00000000001320fa        0x0 binaries/ready.o
 .data          0x00000000001320fa        0x0 binaries/receive.o
 .data          0x00000000001320fa        0x0 binaries/recvclr.o
 .data          0x00000000001320fa        0x0 binaries/recvtime.o
 .data          0x00000000001320fa        0x0 binaries/regevent.o
 .data          0x00000000001320fa        0x0 binaries/remove.o
 .data          0x00000000001320fa        0x0 binaries/rename.o
 .data          0x00000000001320fa        0x0 binaries/resched.o
 .data          0x00000000001320fa        0x0 binaries/resume.o
 .data          0x00000000001320fa        0x0 binaries/seek.o
 .data          0x00000000001320fa        0x0 binaries/semcount.o
 .data          0x00000000001320fa        0x0 binaries/semcreate.o
 .data          0x00000000001320fa        0x0 binaries/semdelete.o
 .data          0x00000000001320fa        0x0 binaries/semreset.o
 .data          0x00000000001320fa        0x0 binaries/send.o
 .data          0x00000000001320fa        0x0 binaries/sendevent.o
 .data          0x00000000001320fa        0x0 binaries/showmema.o
 .data          0x00000000001320fa        0x0 binaries/signal.o
 .data          0x00000000001320fa        0x0 binaries/signaln.o
 .data          0x00000000001320fa        0x0 binaries/sleep.o
 .data          0x00000000001320fa        0x0 binaries/ssignal.o
 .data          0x00000000001320fa        0x0 binaries/stacktrace.o
 .data          0x00000000001320fa        0x0 binaries/suspend.o
 .data          0x00000000001320fa        0x0 binaries/swait2.o
 .data          0x00000000001320fa        0x0 binaries/swait.o
 .data          0x00000000001320fa        0x0 binaries/unsleep.o
 .data          0x00000000001320fa        0x0 binaries/userret.o
 .data          0x00000000001320fa        0x0 binaries/wait.o
 .data          0x00000000001320fa        0x0 binaries/wakeup.o
 .data          0x00000000001320fa        0x0 binaries/write.o
 .data          0x00000000001320fa        0x0 binaries/xdone.o
 .data          0x00000000001320fa        0x0 binaries/yield.o
 .data          0x00000000001320fa        0x0 binaries/abs.o
 .data          0x00000000001320fa        0x0 binaries/atoi.o
 .data          0x00000000001320fa        0x0 binaries/atol.o
 .data          0x00000000001320fa        0x0 binaries/bzero.o
 .data          0x00000000001320fa        0x0 binaries/ctype_.o
 .data          0x00000000001320fa        0x0 binaries/doprnt.o
 *fill*         0x00000000001320fa        0x6 
 .data          0x0000000000132100       0x80 binaries/doscan.o
                0x0000000000132100                _sctab
 .data          0x0000000000132180        0x0 binaries/fdoprnt.o
 .data          0x0000000000132180        0x0 binaries/fgetc.o
 .data          0x0000000000132180        0x0 binaries/fgets.o
 .data          0x0000000000132180        0x0 binaries/fprintf.o
 .data          0x0000000000132180        0x0 binaries/fputc.o
 .data          0x0000000000132180        0x0 binaries/fputs.o
 .data          0x0000000000132180        0x0 binaries/fscanf.o
 .data          0x0000000000132180        0x0 binaries/getchar.o
 .data          0x0000000000132180        0x0 binaries/isatty.o
 .data          0x0000000000132180        0x0 binaries/labs.o
 .data          0x0000000000132180        0x0 binaries/memchr.o
 .data          0x0000000000132180        0x0 binaries/memcmp.o
 .data          0x0000000000132180        0x0 binaries/memcpy.o
 .data          0x0000000000132180        0x0 binaries/memset.o
 .data          0x0000000000132180        0x0 binaries/printf.o
 .data          0x0000000000132180        0x0 binaries/putchar.o
 .data          0x0000000000132180        0x0 binaries/qsort.o
 .data          0x0000000000132180        0x4 binaries/rand.o
 .data          0x0000000000132184        0x0 binaries/sprintf.o
 .data          0x0000000000132184        0x0 binaries/sscanf.o
 .data          0x0000000000132184        0x0 binaries/strcat.o
 .data          0x0000000000132184        0x0 binaries/strchr.o
 .data          0x0000000000132184        0x0 binaries/strcmp.o
 .data          0x0000000000132184        0x0 binaries/strcpy.o
 .data          0x0000000000132184        0x0 binaries/strlen.o
 .data          0x0000000000132184        0x0 binaries/strncat.o
 .data          0x0000000000132184        0x0 binaries/strncmp.o
 .data          0x0000000000132184        0x0 binaries/strncpy.o
 .data          0x0000000000132184        0x0 binaries/strnlen.o
 .data          0x0000000000132184        0x0 binaries/strpbrk.o
 .data          0x0000000000132184        0x0 binaries/strrchr.o
 .data          0x0000000000132184        0x0 binaries/strspn.o
 .data          0x0000000000132184        0x0 binaries/strstr.o
 .data          0x0000000000132184        0x0 binaries/strtok.o
 .data.rel.local
                0x0000000000132184        0x4 binaries/strtok.o
 .data          0x0000000000132188        0x0 binaries/strtol.o
 .data          0x0000000000132188        0x0 binaries/strtoul.o
 .data          0x0000000000132188        0x0 binaries/tolower.o
 .data          0x0000000000132188        0x0 binaries/toupper.o
 .data          0x0000000000132188        0x0 binaries/xstoul.o
 .data          0x0000000000132188        0x0 binaries/ttycontrol.o
 .data          0x0000000000132188        0x0 binaries/ttygetc.o
 .data          0x0000000000132188        0x0 binaries/ttyhandle_in.o
 .data          0x0000000000132188        0x0 binaries/ttyhandle_out.o
 .data          0x0000000000132188        0x0 binaries/ttyhandler.o
 .data          0x0000000000132188        0x0 binaries/ttyinit.o
 .data          0x0000000000132188        0x0 binaries/ttykickout.o
 .data          0x0000000000132188        0x0 binaries/ttyputc.o
 .data          0x0000000000132188        0x0 binaries/ttyread.o
 .data          0x0000000000132188        0x0 binaries/ttywrite.o
 .data          0x0000000000132188        0x0 binaries/mount.o
 .data          0x0000000000132188        0x0 binaries/naminit.o
 .data          0x0000000000132188        0x0 binaries/nammap.o
 .data          0x0000000000132188        0x0 binaries/namopen.o
 .data          0x0000000000132188        0x0 binaries/colon2mac.o
 .data          0x0000000000132188        0x0 binaries/ethcontrol.o
 .data          0x0000000000132188        0x0 binaries/ethhandler.o
 .data          0x0000000000132188        0x0 binaries/ethinit.o
 .data          0x0000000000132188        0x0 binaries/ethmcast.o
 .data          0x0000000000132188        0x0 binaries/ethread.o
 .data          0x0000000000132188        0x0 binaries/ethwrite.o
 .data          0x0000000000132188        0x0 binaries/rdsbufalloc.o
 .data          0x0000000000132188        0x0 binaries/rdsclose.o
 .data          0x0000000000132188        0x0 binaries/rdscomm.o
 .data          0x0000000000132188        0x0 binaries/rdscontrol.o
 .data          0x0000000000132188        0x0 binaries/rdsinit.o
 .data          0x0000000000132188        0x0 binaries/rdsopen.o
 .data          0x0000000000132188        0x0 binaries/rdsprocess.o
 .data          0x0000000000132188        0x0 binaries/rdsread.o
 .data          0x0000000000132188        0x0 binaries/rdswrite.o
 .data          0x0000000000132188        0x0 binaries/ramclose.o
 .data          0x0000000000132188        0x0 binaries/raminit.o
 .data          0x0000000000132188        0x0 binaries/ramopen.o
 .data          0x0000000000132188        0x0 binaries/ramread.o
 .data          0x0000000000132188        0x0 binaries/ramwrite.o
 .data          0x0000000000132188        0x0 binaries/lfdballoc.o
 .data          0x0000000000132188        0x0 binaries/lfdbfree.o
 .data          0x0000000000132188        0x0 binaries/lfflush.o
 .data          0x0000000000132188        0x0 binaries/lfgetmode.o
 .data          0x0000000000132188        0x0 binaries/lfiballoc.o
 .data          0x0000000000132188        0x0 binaries/lfibclear.o
 .data          0x0000000000132188        0x0 binaries/lfibget.o
 .data          0x0000000000132188        0x0 binaries/lfibput.o
 .data          0x0000000000132188        0x0 binaries/lflclose.o
 .data          0x0000000000132188        0x0 binaries/lflcontrol.o
 .data          0x0000000000132188        0x0 binaries/lflgetc.o
 .data          0x0000000000132188        0x0 binaries/lflinit.o
 .data          0x0000000000132188        0x0 binaries/lflputc.o
 .data          0x0000000000132188        0x0 binaries/lflread.o
 .data          0x0000000000132188        0x0 binaries/lflseek.o
 .data          0x0000000000132188        0x0 binaries/lflwrite.o
 .data          0x0000000000132188        0x0 binaries/lfsckfmt.o
 .data          0x0000000000132188        0x0 binaries/lfscontrol.o
 .data          0x0000000000132188        0x0 binaries/lfscreate.o
 .data          0x0000000000132188        0x0 binaries/lfsetup.o
 .data          0x0000000000132188        0x0 binaries/lfsinit.o
 .data          0x0000000000132188        0x0 binaries/lfsopen.o
 .data          0x0000000000132188        0x0 binaries/lftruncate.o
 .data          0x0000000000132188        0x0 binaries/rflclose.o
 .data          0x0000000000132188        0x0 binaries/rflgetc.o
 .data          0x0000000000132188        0x0 binaries/rflinit.o
 .data          0x0000000000132188        0x0 binaries/rflputc.o
 .data          0x0000000000132188        0x0 binaries/rflread.o
 .data          0x0000000000132188        0x0 binaries/rflseek.o
 .data          0x0000000000132188        0x0 binaries/rflwrite.o
 .data          0x0000000000132188        0x0 binaries/rfscomm.o
 .data          0x0000000000132188        0x0 binaries/rfscontrol.o
 .data          0x0000000000132188        0x0 binaries/rfsgetmode.o
 .data          0x0000000000132188        0x0 binaries/rfsinit.o
 .data          0x0000000000132188        0x0 binaries/rfsndmsg.o
 .data          0x0000000000132188        0x0 binaries/rfsopen.o
 .data          0x0000000000132188        0x0 binaries/uechoclose.o
 .data          0x0000000000132188        0x0 binaries/uechocontrol.o
 .data          0x0000000000132188        0x0 binaries/uechoget.o
 .data          0x0000000000132188        0x0 binaries/uechoinit.o
 .data          0x0000000000132188        0x0 binaries/uechoopen.o
 .data          0x0000000000132188        0x0 binaries/uechoputc.o
 .data          0x0000000000132188        0x0 binaries/uechoread.o
 .data          0x0000000000132188        0x0 binaries/uechowrite.o
 .data          0x0000000000132188        0x0 binaries/arp.o
 .data          0x0000000000132188        0x0 binaries/dhcp.o
 .data          0x0000000000132188        0x0 binaries/dns.o
 .data          0x0000000000132188        0x0 binaries/dot2ip.o
 .data          0x0000000000132188        0x0 binaries/hexdump.o
 .data          0x0000000000132188        0x4 binaries/icmp.o
 .data          0x000000000013218c        0x0 binaries/ip.o
 .data          0x000000000013218c        0x0 binaries/net.o
 .data          0x000000000013218c        0x0 binaries/netstart.o
 .data          0x000000000013218c        0x0 binaries/pdump.o
 .data          0x000000000013218c        0x0 binaries/tftp.o
 .data          0x000000000013218c        0x4 binaries/udp.o
 .data          0x0000000000132190        0x0 binaries/addargs.o
 .data          0x0000000000132190        0x0 binaries/lexan.o
 .data          0x0000000000132190        0x4 binaries/shell.o
                0x0000000000132190                ncmd
 *fill*         0x0000000000132194        0xc 
 .data.rel.ro   0x00000000001321a0      0x1b0 binaries/shell.o
                0x00000000001321a0                cmdtab
 .data          0x0000000000132350        0x0 binaries/xsh_argecho.o
 .data          0x0000000000132350        0x0 binaries/xsh_arp.o
 .data          0x0000000000132350        0xf binaries/xsh_basic.o
 *fill*         0x000000000013235f        0x1 
 .data.rel.local
                0x0000000000132360      0x168 binaries/xsh_basic.o
 .data          0x00000000001324c8        0x0 binaries/xsh_cat.o
 .data          0x00000000001324c8        0x0 binaries/xsh_clear.o
 .data          0x00000000001324c8        0x0 binaries/xsh_cp.o
 .data          0x00000000001324c8        0x0 binaries/xsh_date.o
 .data          0x00000000001324c8        0x0 binaries/xsh_devdump.o
 .data          0x00000000001324c8        0x0 binaries/xsh_dine.o
 .data          0x00000000001324c8        0x0 binaries/xsh_e0.o
 .data          0x00000000001324c8        0x0 binaries/xsh_echo.o
 .data          0x00000000001324c8        0x0 binaries/xsh_exit.o
 .data          0x00000000001324c8        0x0 binaries/xsh_help.o
 .data          0x00000000001324c8        0x0 binaries/xsh_ipaddr.o
 .data          0x00000000001324c8        0x0 binaries/xsh_kill.o
 .data          0x00000000001324c8        0x0 binaries/xsh_ls.o
 .data          0x00000000001324c8        0x0 binaries/xsh_memdump.o
 .data          0x00000000001324c8        0x0 binaries/xsh_memstat.o
 .data          0x00000000001324c8        0x0 binaries/xsh_mklfs.o
 .data          0x00000000001324c8        0x0 binaries/xsh_msr.o
 .data          0x00000000001324c8        0x0 binaries/xsh_netstat.o
 .data          0x00000000001324c8        0x0 binaries/xsh_ping.o
 *fill*         0x00000000001324c8       0x18 
 .data          0x00000000001324e0       0x20 binaries/xsh_ps.o
 .data          0x0000000000132500        0x0 binaries/xsh_reboot.o
 .data          0x0000000000132500        0x0 binaries/xsh_rename.o
 .data          0x0000000000132500        0x0 binaries/xsh_rm.o
 .data          0x0000000000132500        0x0 binaries/xsh_sleep.o
 .data          0x0000000000132500        0x0 binaries/xsh_ss.o
 .data          0x0000000000132500        0x0 binaries/xsh_sum.o
 .data          0x0000000000132500        0x0 binaries/xsh_tail.o
 .data          0x0000000000132500        0x0 binaries/xsh_tftp.o
 .data          0x0000000000132500        0x0 binaries/xsh_tsetjmp.o
 .data          0x0000000000132500        0x0 binaries/xsh_udpdump.o
 .data          0x0000000000132500        0x0 binaries/xsh_udpecho.o
 .data          0x0000000000132500        0x0 binaries/xsh_udpeserver.o
 .data          0x0000000000132500        0x0 binaries/xsh_uptime.o
 .data          0x0000000000132500        0x0 binaries/clkdisp.o
 .data          0x0000000000132500        0x0 binaries/ctxsw.o
 .data          0x0000000000132500        0x0 binaries/intr.o
 .data          0x0000000000132500        0x0 binaries/setjmp.o
 .data          0x0000000000132500        0x0 binaries/ttydispatch.o
 .data          0x0000000000132500        0x0 binaries/ethdispatch.o
                0x0000000000132500                edata = ABSOLUTE (.)
                0x0000000000133000                . = ALIGN (0x1000)
 *fill*         0x0000000000132500      0xb00 

.got            0x0000000000133000        0x0
 .got           0x0000000000133000        0x0 binaries/start.o

.got.plt        0x0000000000133000        0xc
 .got.plt       0x0000000000133000        0xc binaries/start.o
                0x0000000000133000                _GLOBAL_OFFSET_TABLE_

.bss            0x0000000000133020    0x22fe0
                0x0000000000133020                bss = ABSOLUTE (.)
 *(.bss .bss.*)
 .bss           0x0000000000133020        0x0 binaries/start.o
 .bss           0x0000000000133020        0x0 binaries/ascdate.o
 .bss           0x0000000000133020        0x0 binaries/bufinit.o
 .bss           0x0000000000133020        0x0 binaries/chprio.o
 .bss           0x0000000000133020        0x0 binaries/clkhandler.o
 .bss           0x0000000000133020        0x4 binaries/clkinit.o
                0x0000000000133020                ctr1000
 .bss           0x0000000000133024        0x0 binaries/close.o
 .bss           0x0000000000133024        0x0 binaries/conf.o
 .bss           0x0000000000133024        0x0 binaries/control.o
 .bss           0x0000000000133024        0x0 binaries/create.o
 .bss           0x0000000000133024        0x4 binaries/early_imr.o
 .bss           0x0000000000133028        0x0 binaries/evec.o
 .bss           0x0000000000133028        0x0 binaries/exit.o
 .bss           0x0000000000133028        0x0 binaries/freebuf.o
 .bss           0x0000000000133028        0x0 binaries/freemem.o
 .bss           0x0000000000133028        0x0 binaries/getbuf.o
 .bss           0x0000000000133028        0x0 binaries/getc.o
 .bss           0x0000000000133028        0x0 binaries/getdev.o
 .bss           0x0000000000133028        0x0 binaries/getitem.o
 .bss           0x0000000000133028        0x0 binaries/getmem.o
 .bss           0x0000000000133028        0x0 binaries/getpid.o
 .bss           0x0000000000133028        0x0 binaries/getprio.o
 .bss           0x0000000000133028        0x0 binaries/getstk.o
 .bss           0x0000000000133028        0x0 binaries/gettime.o
 .bss           0x0000000000133028        0x0 binaries/getutime.o
 .bss           0x0000000000133028        0x0 binaries/init.o
 .bss           0x0000000000133028        0x0 binaries/initialize.o
 .bss           0x0000000000133028        0x0 binaries/insert.o
 .bss           0x0000000000133028        0x0 binaries/insertd.o
 .bss           0x0000000000133028        0x0 binaries/ioerr.o
 .bss           0x0000000000133028        0x0 binaries/ionull.o
 .bss           0x0000000000133028        0x0 binaries/kill.o
 .bss           0x0000000000133028        0x0 binaries/kprintf.o
 .bss           0x0000000000133028        0x0 binaries/main.o
 .bss           0x0000000000133028        0x0 binaries/mark.o
 .bss           0x0000000000133028        0x0 binaries/meminit.o
 .bss           0x0000000000133028        0x0 binaries/mkbufpool.o
 .bss           0x0000000000133028        0x0 binaries/netup.o
 .bss           0x0000000000133028        0x0 binaries/newqueue.o
 .bss           0x0000000000133028        0x0 binaries/open.o
 .bss           0x0000000000133028        0x0 binaries/panic.o
 .bss           0x0000000000133028        0x0 binaries/pci.o
 .bss           0x0000000000133028        0x0 binaries/platinit.o
 .bss           0x0000000000133028        0x0 binaries/ptclear.o
 .bss           0x0000000000133028        0x0 binaries/ptcount.o
 .bss           0x0000000000133028        0x0 binaries/ptcreate.o
 .bss           0x0000000000133028        0x0 binaries/ptdelete.o
 .bss           0x0000000000133028        0x0 binaries/ptinit.o
 .bss           0x0000000000133028        0x0 binaries/ptrecv.o
 .bss           0x0000000000133028        0x0 binaries/ptreset.o
 .bss           0x0000000000133028        0x0 binaries/ptsend.o
 .bss           0x0000000000133028        0x0 binaries/putc.o
 .bss           0x0000000000133028        0x0 binaries/quark_irq.o
 .bss           0x0000000000133028        0x0 binaries/quark_pdat.o
 .bss           0x0000000000133028        0x0 binaries/queue.o
 .bss           0x0000000000133028        0x0 binaries/read.o
 .bss           0x0000000000133028        0x0 binaries/ready.o
 .bss           0x0000000000133028        0x0 binaries/receive.o
 .bss           0x0000000000133028        0x0 binaries/recvclr.o
 .bss           0x0000000000133028        0x0 binaries/recvtime.o
 .bss           0x0000000000133028        0x0 binaries/regevent.o
 .bss           0x0000000000133028        0x0 binaries/remove.o
 .bss           0x0000000000133028        0x0 binaries/rename.o
 .bss           0x0000000000133028        0x0 binaries/resched.o
 .bss           0x0000000000133028        0x0 binaries/resume.o
 .bss           0x0000000000133028        0x0 binaries/seek.o
 .bss           0x0000000000133028        0x0 binaries/semcount.o
 .bss           0x0000000000133028        0x4 binaries/semcreate.o
 .bss           0x000000000013302c        0x0 binaries/semdelete.o
 .bss           0x000000000013302c        0x0 binaries/semreset.o
 .bss           0x000000000013302c        0x0 binaries/send.o
 .bss           0x000000000013302c        0x0 binaries/sendevent.o